// Jest Snapshot v1, https://goo.gl/fbAQLP

exports[`getTableItemsAction should call api get with url  1`] = `
Object {
  "payload": Object {
    "controller": "models",
    "url": "/api/models?include_permissions=true",
  },
  "subtype": "models",
  "type": "API_GET",
  "url": "/api/models?include_permissions=true",
}
`;
