// Jest Snapshot v1, https://goo.gl/fbAQLP

exports[`StatisticsPage rendering render with props 1`] = `
<PageLayout
  beforeToolbarComponent={null}
  breadcrumbOptions={null}
  customBreadcrumbs={null}
  documentationURL=""
  exportURL=""
  header="Statistics"
  onBookmarkClick={[Function]}
  onSearch={[Function]}
  searchProps={Object {}}
  searchQuery=""
  searchable={false}
  toastNotifications={null}
>
  <Component
    getStatisticsMeta={[Function]}
    hasData={true}
    hasError={false}
    isLoading={false}
    message={Object {}}
    statisticsMeta={
      Array [
        Object {
          "id": "operatingsystem",
          "search": "/hosts?search=os_title=~VAL~",
          "title": "OS Distribution",
          "url": "statistics/operatingsystem",
        },
        Object {
          "id": "architecture",
          "search": "/hosts?search=facts.architecture=~VAL~",
          "title": "Architecture Distribution",
          "url": "statistics/architecture",
        },
      ]
    }
  />
</PageLayout>
`;
