// Jest Snapshot v1, https://goo.gl/fbAQLP

exports[`StatisticsPage actions should fetch statisticsMeta 1`] = `
Array [
  Object {
    "payload": Object {},
    "type": "STATISTICS_PAGE_REQUEST",
  },
  Object {
    "type": "STATISTICS_PAGE_HIDE_LOADING",
  },
  Object {
    "payload": Object {
      "hasData": true,
      "metadata": Array [
        Object {
          "id": "operatingsystem",
          "search": "/hosts?search=os_title=~VAL~",
          "title": "OS Distribution",
          "url": "statistics/operatingsystem",
        },
        Object {
          "id": "architecture",
          "search": "/hosts?search=facts.architecture=~VAL~",
          "title": "Architecture Distribution",
          "url": "statistics/architecture",
        },
      ],
    },
    "type": "STATISTICS_PAGE_DATA_RESOLVED",
  },
]
`;

exports[`StatisticsPage actions should fetch statisticsMeta and fail 1`] = `
Array [
  Object {
    "payload": Object {},
    "type": "STATISTICS_PAGE_REQUEST",
  },
  Object {
    "type": "STATISTICS_PAGE_HIDE_LOADING",
  },
  Object {
    "payload": Object {
      "message": Object {
        "text": "some-error",
        "type": "error",
      },
      "payload": Object {},
    },
    "type": "STATISTICS_PAGE_FETCH_FAILED",
  },
]
`;
